// Jest Snapshot v1, https://goo.gl/fbAQLP

exports[`DependencyGraph dependenciesOf should match snapshot 1`] = `
[
  510,
  74,
  449,
  519,
  1043,
  1122,
  1357,
]
`;

exports[`DependencyGraph inverseDependenciesOf should match snapshot 1`] = `
[
  1358,
  1361,
  1362,
  1363,
  1367,
  0,
]
`;
