// Jest Snapshot v1, https://goo.gl/fbAQLP

exports[`DependencyGraph dependenciesOf should match snapshot 1`] = `
[
  510,
  74,
  449,
  519,
  1044,
  1124,
  1359,
]
`;

exports[`DependencyGraph inverseDependenciesOf should match snapshot 1`] = `
[
  1360,
  1363,
  1364,
  1365,
  1369,
  0,
]
`;
